
Allocating common symbols
Common symbol       size              file

Info_GDT            0x6               build/Debug/MinGW_ELF-Windows/Init_GDT.o
Info_IDT            0x6               build/Debug/MinGW_ELF-Windows/INIT_IDT.o
Chaine_Temporaire_Char
                    0xc               build/Debug/MinGW_ELF-Windows/Outils.o

Memory Configuration

Name             Origin             Length             Attributes
*default*        0x00000000         0xffffffff

Linker script and memory map

LOAD build/Debug/MinGW_ELF-Windows/0-Noyau_Start.o
LOAD build/Debug/MinGW_ELF-Windows/1-NOYAU_MAIN.o
LOAD build/Debug/MinGW_ELF-Windows/CALLBACK_EXCEPTION.o
LOAD build/Debug/MinGW_ELF-Windows/CALLBACK_IRQ.o
LOAD build/Debug/MinGW_ELF-Windows/DELAY.o
LOAD build/Debug/MinGW_ELF-Windows/Descripteurs.o
LOAD build/Debug/MinGW_ELF-Windows/EXCEPTION.o
LOAD build/Debug/MinGW_ELF-Windows/Ecran.o
LOAD build/Debug/MinGW_ELF-Windows/HARD_8042_Clavier.o
LOAD build/Debug/MinGW_ELF-Windows/HARD_8253_Timer.o
LOAD build/Debug/MinGW_ELF-Windows/INIT_IDT.o
LOAD build/Debug/MinGW_ELF-Windows/IRQ.o
LOAD build/Debug/MinGW_ELF-Windows/Init_GDT.o
LOAD build/Debug/MinGW_ELF-Windows/Outils.o
LOAD build/Debug/MinGW_ELF-Windows/PIC_8259A.o
Address of section .text set to 0x100000
Address of section .data set to 0x200000
                0x08048000                PROVIDE (__executable_start, 0x8048000)
                0x08048074                . = (0x8048000 + SIZEOF_HEADERS)

.interp
 *(.interp)

.note.gnu.build-id
 *(.note.gnu.build-id)

.hash
 *(.hash)

.gnu.hash
 *(.gnu.hash)

.dynsym
 *(.dynsym)

.dynstr
 *(.dynstr)

.gnu.version
 *(.gnu.version)

.gnu.version_d
 *(.gnu.version_d)

.gnu.version_r
 *(.gnu.version_r)

.rel.dyn        0x08048074        0x0
 *(.rel.init)
 *(.rel.text .rel.text.* .rel.gnu.linkonce.t.*)
 .rel.text      0x00000000        0x0 build/Debug/MinGW_ELF-Windows/0-Noyau_Start.o
 *(.rel.fini)
 *(.rel.rodata .rel.rodata.* .rel.gnu.linkonce.r.*)
 *(.rel.data.rel.ro* .rel.gnu.linkonce.d.rel.ro.*)
 *(.rel.data .rel.data.* .rel.gnu.linkonce.d.*)
 .rel.data      0x00000000        0x0 build/Debug/MinGW_ELF-Windows/0-Noyau_Start.o
 *(.rel.tdata .rel.tdata.* .rel.gnu.linkonce.td.*)
 *(.rel.tbss .rel.tbss.* .rel.gnu.linkonce.tb.*)
 *(.rel.ctors)
 *(.rel.dtors)
 *(.rel.got)
 *(.rel.bss .rel.bss.* .rel.gnu.linkonce.b.*)
 *(.rel.ifunc)

.rel.plt        0x08048074        0x0
 *(.rel.plt)
                0x08048074                PROVIDE (__rel_iplt_start, .)
 *(.rel.iplt)
 .rel.iplt      0x00000000        0x0 build/Debug/MinGW_ELF-Windows/0-Noyau_Start.o
                0x08048074                PROVIDE (__rel_iplt_end, .)

.init
 *(.init)

.plt            0x08048074        0x0
 *(.plt)
 *(.iplt)
 .iplt          0x00000000        0x0 build/Debug/MinGW_ELF-Windows/0-Noyau_Start.o

.text           0x00100000     0x166b
 *(.text.unlikely .text.*_unlikely)
 *(.text .stub .text.* .gnu.linkonce.t.*)
 .text          0x00100000       0x18 build/Debug/MinGW_ELF-Windows/0-Noyau_Start.o
                0x00100000                _start
 .text          0x00100018      0x302 build/Debug/MinGW_ELF-Windows/1-NOYAU_MAIN.o
                0x00100018                Affiche_Informations_Boot
                0x00100095                Affiche_Message
                0x00100113                OS_Start
                0x00100172                Thread_1
                0x001001a5                Thread_2
                0x001001d8                Thread_3
                0x0010020b                Thread_4
                0x0010023e                Ordonnanceur
                0x00100292                OS_Main
 *fill*         0x0010031a        0x2 90909090
 .text          0x0010031c      0x30e build/Debug/MinGW_ELF-Windows/CALLBACK_EXCEPTION.o
                0x0010031c                Affiche_Message_Exception
                0x00100400                CallBack_Erreur_Division
                0x0010042e                CallBack_Mise_Au_Point
                0x00100450                CallBack_INT3
                0x00100471                CallBack_Debordement
                0x00100493                CallBack_Limite
                0x001004b5                CallBack_CodeOP_Invalide
                0x001004d7                CallBack_DNA
                0x001004f9                CallBack_Double_Faute
                0x0010051b                CallBack_Depassement
                0x0010053d                CallBack_TSS_Invalide
                0x0010055f                CallBack_Segment_Non_Present
                0x00100581                CallBack_Segment_Pile
                0x001005a3                CallBack_Violation_Protection
                0x001005c5                CallBack_Defaut_De_Page
                0x001005e7                CallBack_CoProcesseur
                0x00100609                CallBack_Exception_Par_Defaut
 *fill*         0x0010062a        0x2 90909090
 .text          0x0010062c      0x207 build/Debug/MinGW_ELF-Windows/CALLBACK_IRQ.o
                0x0010062c                CallBack_IRQ0
                0x0010064a                CallBack_IRQ1
                0x0010068f                CallBack_IRQ3
                0x001006ad                CallBack_IRQ4
                0x001006cb                CallBack_IRQ5
                0x001006e9                CallBack_IRQ6
                0x00100707                CallBack_IRQ7
                0x00100725                CallBack_IRQ8
                0x00100743                CallBack_IRQ9
                0x00100761                CallBack_IRQ10
                0x0010077f                CallBack_IRQ11
                0x0010079d                CallBack_IRQ12
                0x001007bb                CallBack_IRQ13
                0x001007d9                CallBack_IRQ14
                0x001007f7                CallBack_IRQ15
                0x00100815                CallBack_Defaut
 *fill*         0x00100833        0x1 90909090
 .text          0x00100834       0x2b build/Debug/MinGW_ELF-Windows/DELAY.o
                0x00100834                Attendre_ms
                0x00100855                Donne_Nombres_Tics
 *fill*         0x0010085f        0x1 90909090
 .text          0x00100860      0x385 build/Debug/MinGW_ELF-Windows/Descripteurs.o
                0x00100860                Configure_Descripteur_Segment
                0x00100b4c                Configure_Descripteur_Guichet
 *fill*         0x00100be5        0xb 90909090
 .text          0x00100bf0      0x1b0 build/Debug/MinGW_ELF-Windows/EXCEPTION.o
                0x00100bf0                Exception_Erreur_Division
                0x00100c0b                Exception_Mise_Au_Point
                0x00100c26                Exception_INT3
                0x00100c41                Exception_Debordement
                0x00100c5c                Exception_Limite
                0x00100c77                Exception_CodeOP_Invalide
                0x00100c92                Exception_DNA
                0x00100cad                Exception_Double_Faute
                0x00100cc8                Exception_Depassement
                0x00100ce3                Exception_TSS_Invalide
                0x00100cfe                Exception_Segment_Non_Present
                0x00100d19                Exception_Segment_Pile
                0x00100d34                Exception_Violation_Protection
                0x00100d4f                Exception_Defaut_De_Page
                0x00100d6a                Exception_CoProcesseur
                0x00100d85                Exception_Par_Defaut
 .text          0x00100da0      0x35f build/Debug/MinGW_ELF-Windows/Ecran.o
                0x00100da0                Efface_Ecran
                0x00100df7                Remplir_Ecran
                0x00100e50                Defilement_Haut
                0x00100ef5                Positionne_Curseur
                0x00100f19                Affiche_Curseur
                0x00100f77                Repositionne_Curseur
                0x00100fa6                Affiche_Caractere
                0x0010108f                Affiche_Chaine
                0x001010cb                Regle_Couleur
                0x001010e1                Donne_Curseur_X
                0x001010f0                Donne_Curseur_Y
 *fill*         0x001010ff        0x1 90909090
 .text          0x00101100       0x24 build/Debug/MinGW_ELF-Windows/HARD_8042_Clavier.o
                0x00101100                Lecture_Scan_Code
                0x00101103                Attendre_Scan_Code
                0x0010110e                Attendre_Touche_Relache
 *fill*         0x00101124        0xc 90909090
 .text          0x00101130       0x1d build/Debug/MinGW_ELF-Windows/HARD_8253_Timer.o
                0x00101130                Initialisation_8253
 *fill*         0x0010114d        0x3 90909090
 .text          0x00101150      0x137 build/Debug/MinGW_ELF-Windows/INIT_IDT.o
                0x00101150                Configuration_Descripteurs_Exceptions
                0x001011b3                Configuration_Descripteurs_IRQ
                0x00101216                Initialisation_IDT
 *fill*         0x00101287        0x9 90909090
 .text          0x00101290      0x180 build/Debug/MinGW_ELF-Windows/IRQ.o
                0x00101290                Interruption_IRQ0
                0x001012a8                Interruption_IRQ1
                0x001012c0                Interruption_IRQ3
                0x001012d8                Interruption_IRQ4
                0x001012f0                Interruption_IRQ5
                0x00101308                Interruption_IRQ6
                0x00101320                Interruption_IRQ7
                0x00101338                Interruption_IRQ8
                0x00101350                Interruption_IRQ9
                0x00101368                Interruption_IRQ10
                0x00101380                Interruption_IRQ11
                0x00101398                Interruption_IRQ12
                0x001013b0                Interruption_IRQ13
                0x001013c8                Interruption_IRQ14
                0x001013e0                Interruption_IRQ15
 .text          0x00101410       0xe3 build/Debug/MinGW_ELF-Windows/Init_GDT.o
                0x00101410                Intialisation_Descripteurs_Noyau
                0x001014b9                Initialisation_GDT
 *fill*         0x001014f3        0x1 90909090
 .text          0x001014f4      0x132 build/Debug/MinGW_ELF-Windows/Outils.o
                0x001014f4                Taille_Chaine
                0x0010151e                Entier_Vers_Chaine
                0x00101583                Entier_Vers_Chaine_Hexa
 *fill*         0x00101626        0x2 90909090
 .text          0x00101628       0x43 build/Debug/MinGW_ELF-Windows/PIC_8259A.o
                0x00101628                Initialisation_8259A
 *(.gnu.warning)

.fini
 *(.fini)
                0x0010166b                PROVIDE (__etext, .)
                0x0010166b                PROVIDE (_etext, .)
                0x0010166b                PROVIDE (etext, .)

.rodata         0x0010166c      0x2e6
 *(.rodata .rodata.* .gnu.linkonce.r.*)
 .rodata        0x0010166c      0x128 build/Debug/MinGW_ELF-Windows/1-NOYAU_MAIN.o
 .rodata        0x00101794      0x11b build/Debug/MinGW_ELF-Windows/CALLBACK_EXCEPTION.o
 .rodata        0x001018af       0x65 build/Debug/MinGW_ELF-Windows/CALLBACK_IRQ.o
 .rodata        0x00101914       0x3e build/Debug/MinGW_ELF-Windows/Descripteurs.o

.rodata1
 *(.rodata1)

.eh_frame_hdr
 *(.eh_frame_hdr)

.eh_frame
 *(.eh_frame)

.gcc_except_table
 *(.gcc_except_table .gcc_except_table.*)
                0x00101952                . = (ALIGN (0x1000) - ((0x1000 - .) & 0xfff))
                0x00102000                . = (0x1000 DATA_SEGMENT_ALIGN 0x1000)

.eh_frame
 *(.eh_frame)

.gcc_except_table
 *(.gcc_except_table .gcc_except_table.*)

.tdata
 *(.tdata .tdata.* .gnu.linkonce.td.*)

.tbss
 *(.tbss .tbss.* .gnu.linkonce.tb.*)
 *(.tcommon)

.preinit_array  0x00102000        0x0
                0x00102000                PROVIDE (__preinit_array_start, .)
 *(.preinit_array)
                0x00102000                PROVIDE (__preinit_array_end, .)

.init_array     0x00102000        0x0
                0x00102000                PROVIDE (__init_array_start, .)
 *(SORT(.init_array.*))
 *(.init_array)
                0x00102000                PROVIDE (__init_array_end, .)

.fini_array     0x00102000        0x0
                0x00102000                PROVIDE (__fini_array_start, .)
 *(SORT(.fini_array.*))
 *(.fini_array)
                0x00102000                PROVIDE (__fini_array_end, .)

.ctors
 *crtbegin.o(.ctors)
 *crtbegin?.o(.ctors)
 *(EXCLUDE_FILE(*crtend?.o *crtend.o) .ctors)
 *(SORT(.ctors.*))
 *(.ctors)

.dtors
 *crtbegin.o(.dtors)
 *crtbegin?.o(.dtors)
 *(EXCLUDE_FILE(*crtend?.o *crtend.o) .dtors)
 *(SORT(.dtors.*))
 *(.dtors)

.jcr
 *(.jcr)

.data.rel.ro
 *(.data.rel.ro.local* .gnu.linkonce.d.rel.ro.local.*)
 *(.data.rel.ro* .gnu.linkonce.d.rel.ro.*)

.dynamic
 *(.dynamic)

.got
 *(.got)
 *(.igot)
                0x00102000                . = (. DATA_SEGMENT_RELRO_END 0xc)

.got.plt        0x00102000        0x0
 *(.got.plt)
 *(.igot.plt)
 .igot.plt      0x00000000        0x0 build/Debug/MinGW_ELF-Windows/0-Noyau_Start.o

.data           0x00200000      0x118
 *(.data .data.* .gnu.linkonce.d.*)
 .data          0x00200000        0x0 build/Debug/MinGW_ELF-Windows/1-NOYAU_MAIN.o
 .data          0x00200000        0x0 build/Debug/MinGW_ELF-Windows/CALLBACK_EXCEPTION.o
 .data          0x00200000        0x0 build/Debug/MinGW_ELF-Windows/CALLBACK_IRQ.o
 .data          0x00200000        0x0 build/Debug/MinGW_ELF-Windows/DELAY.o
 .data          0x00200000        0x0 build/Debug/MinGW_ELF-Windows/Descripteurs.o
 .data          0x00200000        0x9 build/Debug/MinGW_ELF-Windows/Ecran.o
                0x00200000                Video
                0x00200004                Map_Video
                0x00200008                Attribut_Actuel
 *fill*         0x00200009       0x17 00
 .data          0x00200020       0xf8 build/Debug/MinGW_ELF-Windows/INIT_IDT.o
                0x00200020                Association_Exception
                0x002000a0                Association_IRQ
 .data          0x00200118        0x0 build/Debug/MinGW_ELF-Windows/Init_GDT.o
 .data          0x00200118        0x0 build/Debug/MinGW_ELF-Windows/Outils.o
 .data          0x00200118        0x0 build/Debug/MinGW_ELF-Windows/PIC_8259A.o

.data1
 *(.data1)
                0x00200118                _edata = .
                0x00200118                PROVIDE (edata, .)
                0x00200118                __bss_start = .

.bss            0x00200118       0x28
 *(.dynbss)
 *(.bss .bss.* .gnu.linkonce.b.*)
 .bss           0x00200118        0x5 build/Debug/MinGW_ELF-Windows/1-NOYAU_MAIN.o
                0x00200118                Thread_Actif
                0x0020011c                Top_Ordonnanceur
 *fill*         0x0020011d        0x3 00
 .bss           0x00200120        0x0 build/Debug/MinGW_ELF-Windows/CALLBACK_EXCEPTION.o
 .bss           0x00200120        0x4 build/Debug/MinGW_ELF-Windows/CALLBACK_IRQ.o
                0x00200120                Compteur_Horloge
 .bss           0x00200124        0x0 build/Debug/MinGW_ELF-Windows/DELAY.o
 .bss           0x00200124        0x0 build/Debug/MinGW_ELF-Windows/Descripteurs.o
 .bss           0x00200124        0x2 build/Debug/MinGW_ELF-Windows/Ecran.o
                0x00200124                ECRAN_Curseur_X
                0x00200125                ECRAN_Curseur_Y
 *fill*         0x00200126        0x2 00
 .bss           0x00200128        0x0 build/Debug/MinGW_ELF-Windows/INIT_IDT.o
 .bss           0x00200128        0x0 build/Debug/MinGW_ELF-Windows/Init_GDT.o
 .bss           0x00200128        0x0 build/Debug/MinGW_ELF-Windows/Outils.o
 .bss           0x00200128        0x0 build/Debug/MinGW_ELF-Windows/PIC_8259A.o
 *(COMMON)
 COMMON         0x00200128        0x6 build/Debug/MinGW_ELF-Windows/INIT_IDT.o
                0x00200128                Info_IDT
 COMMON         0x0020012e        0x6 build/Debug/MinGW_ELF-Windows/Init_GDT.o
                0x0020012e                Info_GDT
 COMMON         0x00200134        0xc build/Debug/MinGW_ELF-Windows/Outils.o
                0x00200134                Chaine_Temporaire_Char
                0x00200140                . = ALIGN ((. != 0x0)?0x4:0x1)
                0x00200140                . = ALIGN (0x4)
                0x00200140                . = ALIGN (0x4)
                0x00200140                _end = .
                0x00200140                PROVIDE (end, .)
                0x00200140                . = DATA_SEGMENT_END (.)

.stab           0x00000000     0x3b1c
 *(.stab)
 .stab          0x00000000       0x90 build/Debug/MinGW_ELF-Windows/0-Noyau_Start.o
 .stab          0x00000090      0x618 build/Debug/MinGW_ELF-Windows/1-NOYAU_MAIN.o
                                0x624 (size before relaxing)
 .stab          0x000006a8      0x870 build/Debug/MinGW_ELF-Windows/CALLBACK_EXCEPTION.o
                                0x894 (size before relaxing)
 .stab          0x00000f18      0x618 build/Debug/MinGW_ELF-Windows/CALLBACK_IRQ.o
                                0x69c (size before relaxing)
 .stab          0x00001530      0x1ec build/Debug/MinGW_ELF-Windows/DELAY.o
                                0x258 (size before relaxing)
 .stab          0x0000171c      0x4f8 build/Debug/MinGW_ELF-Windows/Descripteurs.o
                                0x57c (size before relaxing)
 .stab          0x00001c14      0x618 build/Debug/MinGW_ELF-Windows/EXCEPTION.o
                                0x624 (size before relaxing)
 .stab          0x0000222c      0x804 build/Debug/MinGW_ELF-Windows/Ecran.o
                                0x870 (size before relaxing)
 .stab          0x00002a30       0xf0 build/Debug/MinGW_ELF-Windows/HARD_8042_Clavier.o
                                 0xfc (size before relaxing)
 .stab          0x00002b20       0xd8 build/Debug/MinGW_ELF-Windows/HARD_8253_Timer.o
                                 0xe4 (size before relaxing)
 .stab          0x00002bf8      0x360 build/Debug/MinGW_ELF-Windows/INIT_IDT.o
                                0x408 (size before relaxing)
 .stab          0x00002f58      0x3d8 build/Debug/MinGW_ELF-Windows/IRQ.o
                                0x3e4 (size before relaxing)
 .stab          0x00003330      0x258 build/Debug/MinGW_ELF-Windows/Init_GDT.o
                                0x300 (size before relaxing)
 .stab          0x00003588      0x3e4 build/Debug/MinGW_ELF-Windows/Outils.o
                                0x450 (size before relaxing)
 .stab          0x0000396c      0x1b0 build/Debug/MinGW_ELF-Windows/PIC_8259A.o
                                0x21c (size before relaxing)

.stabstr        0x00000000     0x1989
 *(.stabstr)
 .stabstr       0x00000000     0x1989 build/Debug/MinGW_ELF-Windows/0-Noyau_Start.o

.stab.excl
 *(.stab.excl)

.stab.exclstr
 *(.stab.exclstr)

.stab.index
 *(.stab.index)

.stab.indexstr
 *(.stab.indexstr)

.comment        0x00000000       0x21
 *(.comment)
 .comment       0x00000000       0x21 build/Debug/MinGW_ELF-Windows/1-NOYAU_MAIN.o
                                 0x22 (size before relaxing)
 .comment       0x00000000       0x22 build/Debug/MinGW_ELF-Windows/CALLBACK_EXCEPTION.o
 .comment       0x00000000       0x22 build/Debug/MinGW_ELF-Windows/CALLBACK_IRQ.o
 .comment       0x00000000       0x22 build/Debug/MinGW_ELF-Windows/DELAY.o
 .comment       0x00000000       0x22 build/Debug/MinGW_ELF-Windows/Descripteurs.o
 .comment       0x00000000       0x22 build/Debug/MinGW_ELF-Windows/Ecran.o
 .comment       0x00000000       0x22 build/Debug/MinGW_ELF-Windows/INIT_IDT.o
 .comment       0x00000000       0x22 build/Debug/MinGW_ELF-Windows/Init_GDT.o
 .comment       0x00000000       0x22 build/Debug/MinGW_ELF-Windows/Outils.o
 .comment       0x00000000       0x22 build/Debug/MinGW_ELF-Windows/PIC_8259A.o

.debug
 *(.debug)

.line
 *(.line)

.debug_srcinfo
 *(.debug_srcinfo)

.debug_sfnames
 *(.debug_sfnames)

.debug_aranges
 *(.debug_aranges)

.debug_pubnames
 *(.debug_pubnames)

.debug_info
 *(.debug_info .gnu.linkonce.wi.*)

.debug_abbrev
 *(.debug_abbrev)

.debug_line
 *(.debug_line)

.debug_frame
 *(.debug_frame)

.debug_str
 *(.debug_str)

.debug_loc
 *(.debug_loc)

.debug_macinfo
 *(.debug_macinfo)

.debug_weaknames
 *(.debug_weaknames)

.debug_funcnames
 *(.debug_funcnames)

.debug_typenames
 *(.debug_typenames)

.debug_varnames
 *(.debug_varnames)

.debug_pubtypes
 *(.debug_pubtypes)

.debug_ranges
 *(.debug_ranges)

.gnu.attributes
 *(.gnu.attributes)

/DISCARD/
 *(.note.GNU-stack)
 *(.gnu_debuglink)
 *(.gnu.lto_*)
OUTPUT(dist/Debug/MinGW_ELF-Windows/noyau.jlv i586-pc-elf)
