
Allocating common symbols
Common symbol       size              file

Info_GDT            0x6               build/Debug/MinGW_ELF-Windows/Init_GDT.o
Info_IDT            0x6               build/Debug/MinGW_ELF-Windows/INIT_IDT.o
Chaine_Temporaire_Char
                    0xc               build/Debug/MinGW_ELF-Windows/Outils.o
Les_Threads         0x78              build/Debug/MinGW_ELF-Windows/1-NOYAU_MAIN.o

Memory Configuration

Name             Origin             Length             Attributes
*default*        0x00000000         0xffffffff

Linker script and memory map

LOAD build/Debug/MinGW_ELF-Windows/0-Noyau_Start.o
LOAD build/Debug/MinGW_ELF-Windows/1-NOYAU_MAIN.o
LOAD build/Debug/MinGW_ELF-Windows/CALLBACK_EXCEPTION.o
LOAD build/Debug/MinGW_ELF-Windows/CALLBACK_IRQ.o
LOAD build/Debug/MinGW_ELF-Windows/DELAY.o
LOAD build/Debug/MinGW_ELF-Windows/Descripteurs.o
LOAD build/Debug/MinGW_ELF-Windows/EXCEPTION.o
LOAD build/Debug/MinGW_ELF-Windows/Ecran.o
LOAD build/Debug/MinGW_ELF-Windows/HARD_8042_Clavier.o
LOAD build/Debug/MinGW_ELF-Windows/HARD_8253_Timer.o
LOAD build/Debug/MinGW_ELF-Windows/INIT_IDT.o
LOAD build/Debug/MinGW_ELF-Windows/IRQ.o
LOAD build/Debug/MinGW_ELF-Windows/Init_GDT.o
LOAD build/Debug/MinGW_ELF-Windows/Outils.o
LOAD build/Debug/MinGW_ELF-Windows/PIC_8259A.o
Address of section .text set to 0x100000
Address of section .data set to 0x200000
                0x08048000                PROVIDE (__executable_start, 0x8048000)
                0x08048074                . = (0x8048000 + SIZEOF_HEADERS)

.interp
 *(.interp)

.note.gnu.build-id
 *(.note.gnu.build-id)

.hash
 *(.hash)

.gnu.hash
 *(.gnu.hash)

.dynsym
 *(.dynsym)

.dynstr
 *(.dynstr)

.gnu.version
 *(.gnu.version)

.gnu.version_d
 *(.gnu.version_d)

.gnu.version_r
 *(.gnu.version_r)

.rel.dyn        0x08048074        0x0
 *(.rel.init)
 *(.rel.text .rel.text.* .rel.gnu.linkonce.t.*)
 .rel.text      0x00000000        0x0 build/Debug/MinGW_ELF-Windows/0-Noyau_Start.o
 *(.rel.fini)
 *(.rel.rodata .rel.rodata.* .rel.gnu.linkonce.r.*)
 *(.rel.data.rel.ro* .rel.gnu.linkonce.d.rel.ro.*)
 *(.rel.data .rel.data.* .rel.gnu.linkonce.d.*)
 .rel.data      0x00000000        0x0 build/Debug/MinGW_ELF-Windows/0-Noyau_Start.o
 *(.rel.tdata .rel.tdata.* .rel.gnu.linkonce.td.*)
 *(.rel.tbss .rel.tbss.* .rel.gnu.linkonce.tb.*)
 *(.rel.ctors)
 *(.rel.dtors)
 *(.rel.got)
 *(.rel.bss .rel.bss.* .rel.gnu.linkonce.b.*)
 *(.rel.ifunc)

.rel.plt        0x08048074        0x0
 *(.rel.plt)
                0x08048074                PROVIDE (__rel_iplt_start, .)
 *(.rel.iplt)
 .rel.iplt      0x00000000        0x0 build/Debug/MinGW_ELF-Windows/0-Noyau_Start.o
                0x08048074                PROVIDE (__rel_iplt_end, .)

.init
 *(.init)

.plt            0x08048074        0x0
 *(.plt)
 *(.iplt)
 .iplt          0x00000000        0x0 build/Debug/MinGW_ELF-Windows/0-Noyau_Start.o

.text           0x00100000     0x187b
 *(.text.unlikely .text.*_unlikely)
 *(.text .stub .text.* .gnu.linkonce.t.*)
 .text          0x00100000       0x18 build/Debug/MinGW_ELF-Windows/0-Noyau_Start.o
                0x00100000                _start
 .text          0x00100018      0x4b9 build/Debug/MinGW_ELF-Windows/1-NOYAU_MAIN.o
                0x00100018                Affiche_Informations_Boot
                0x00100095                Affiche_Message
                0x00100113                OS_Start
                0x00100183                Ajoute_Thread
                0x00100202                Get_Thread
                0x00100270                Get_Next_Thread
                0x00100308                Tache_1
                0x0010033b                Tache_2
                0x0010036e                Tache_3
                0x001003a1                Tache_4
                0x001003d4                Ordonnancer
                0x001003f8                OS_Main
 *fill*         0x001004d1        0x3 90909090
 .text          0x001004d4      0x30e build/Debug/MinGW_ELF-Windows/CALLBACK_EXCEPTION.o
                0x001004d4                Affiche_Message_Exception
                0x001005b8                CallBack_Erreur_Division
                0x001005e6                CallBack_Mise_Au_Point
                0x00100608                CallBack_INT3
                0x00100629                CallBack_Debordement
                0x0010064b                CallBack_Limite
                0x0010066d                CallBack_CodeOP_Invalide
                0x0010068f                CallBack_DNA
                0x001006b1                CallBack_Double_Faute
                0x001006d3                CallBack_Depassement
                0x001006f5                CallBack_TSS_Invalide
                0x00100717                CallBack_Segment_Non_Present
                0x00100739                CallBack_Segment_Pile
                0x0010075b                CallBack_Violation_Protection
                0x0010077d                CallBack_Defaut_De_Page
                0x0010079f                CallBack_CoProcesseur
                0x001007c1                CallBack_Exception_Par_Defaut
 *fill*         0x001007e2        0x2 90909090
 .text          0x001007e4      0x207 build/Debug/MinGW_ELF-Windows/CALLBACK_IRQ.o
                0x001007e4                CallBack_IRQ0
                0x00100802                CallBack_IRQ1
                0x00100847                CallBack_IRQ3
                0x00100865                CallBack_IRQ4
                0x00100883                CallBack_IRQ5
                0x001008a1                CallBack_IRQ6
                0x001008bf                CallBack_IRQ7
                0x001008dd                CallBack_IRQ8
                0x001008fb                CallBack_IRQ9
                0x00100919                CallBack_IRQ10
                0x00100937                CallBack_IRQ11
                0x00100955                CallBack_IRQ12
                0x00100973                CallBack_IRQ13
                0x00100991                CallBack_IRQ14
                0x001009af                CallBack_IRQ15
                0x001009cd                CallBack_Defaut
 *fill*         0x001009eb        0x1 90909090
 .text          0x001009ec       0x2b build/Debug/MinGW_ELF-Windows/DELAY.o
                0x001009ec                Attendre_ms
                0x00100a0d                Donne_Nombres_Tics
 *fill*         0x00100a17        0x1 90909090
 .text          0x00100a18      0x385 build/Debug/MinGW_ELF-Windows/Descripteurs.o
                0x00100a18                Configure_Descripteur_Segment
                0x00100d04                Configure_Descripteur_Guichet
 *fill*         0x00100d9d        0x3 90909090
 .text          0x00100da0      0x1b0 build/Debug/MinGW_ELF-Windows/EXCEPTION.o
                0x00100da0                Exception_Erreur_Division
                0x00100dbb                Exception_Mise_Au_Point
                0x00100dd6                Exception_INT3
                0x00100df1                Exception_Debordement
                0x00100e0c                Exception_Limite
                0x00100e27                Exception_CodeOP_Invalide
                0x00100e42                Exception_DNA
                0x00100e5d                Exception_Double_Faute
                0x00100e78                Exception_Depassement
                0x00100e93                Exception_TSS_Invalide
                0x00100eae                Exception_Segment_Non_Present
                0x00100ec9                Exception_Segment_Pile
                0x00100ee4                Exception_Violation_Protection
                0x00100eff                Exception_Defaut_De_Page
                0x00100f1a                Exception_CoProcesseur
                0x00100f35                Exception_Par_Defaut
 .text          0x00100f50      0x3ba build/Debug/MinGW_ELF-Windows/Ecran.o
                0x00100f50                Efface_Ecran
                0x00100f75                Remplir_Ecran
                0x00100fce                Defilement_Haut
                0x00101073                Positionne_Curseur
                0x00101097                Affiche_Curseur
                0x001010f5                Repositionne_Curseur
                0x00101124                Affiche_Caractere
                0x0010120d                Affiche_Chaine
                0x00101249                Regle_Couleur
                0x0010125f                Affiche_Logo
                0x001012ec                Donne_Curseur_X
                0x001012fb                Donne_Curseur_Y
 *fill*         0x0010130a        0x6 90909090
 .text          0x00101310       0x24 build/Debug/MinGW_ELF-Windows/HARD_8042_Clavier.o
                0x00101310                Lecture_Scan_Code
                0x00101313                Attendre_Scan_Code
                0x0010131e                Attendre_Touche_Relache
 *fill*         0x00101334        0xc 90909090
 .text          0x00101340       0x1d build/Debug/MinGW_ELF-Windows/HARD_8253_Timer.o
                0x00101340                Initialisation_8253
 *fill*         0x0010135d        0x3 90909090
 .text          0x00101360      0x137 build/Debug/MinGW_ELF-Windows/INIT_IDT.o
                0x00101360                Configuration_Descripteurs_Exceptions
                0x001013c3                Configuration_Descripteurs_IRQ
                0x00101426                Initialisation_IDT
 *fill*         0x00101497        0x9 90909090
 .text          0x001014a0      0x180 build/Debug/MinGW_ELF-Windows/IRQ.o
                0x001014a0                Interruption_IRQ0
                0x001014b8                Interruption_IRQ1
                0x001014d0                Interruption_IRQ3
                0x001014e8                Interruption_IRQ4
                0x00101500                Interruption_IRQ5
                0x00101518                Interruption_IRQ6
                0x00101530                Interruption_IRQ7
                0x00101548                Interruption_IRQ8
                0x00101560                Interruption_IRQ9
                0x00101578                Interruption_IRQ10
                0x00101590                Interruption_IRQ11
                0x001015a8                Interruption_IRQ12
                0x001015c0                Interruption_IRQ13
                0x001015d8                Interruption_IRQ14
                0x001015f0                Interruption_IRQ15
 .text          0x00101620       0xe3 build/Debug/MinGW_ELF-Windows/Init_GDT.o
                0x00101620                Intialisation_Descripteurs_Noyau
                0x001016c9                Initialisation_GDT
 *fill*         0x00101703        0x1 90909090
 .text          0x00101704      0x132 build/Debug/MinGW_ELF-Windows/Outils.o
                0x00101704                Taille_Chaine
                0x0010172e                Entier_Vers_Chaine
                0x00101793                Entier_Vers_Chaine_Hexa
 *fill*         0x00101836        0x2 90909090
 .text          0x00101838       0x43 build/Debug/MinGW_ELF-Windows/PIC_8259A.o
                0x00101838                Initialisation_8259A
 *(.gnu.warning)

.fini
 *(.fini)
                0x0010187b                PROVIDE (__etext, .)
                0x0010187b                PROVIDE (_etext, .)
                0x0010187b                PROVIDE (etext, .)

.rodata         0x0010187c      0x6dd
 *(.rodata .rodata.* .gnu.linkonce.r.*)
 .rodata        0x0010187c      0x520 build/Debug/MinGW_ELF-Windows/1-NOYAU_MAIN.o
 .rodata        0x00101d9c      0x11a build/Debug/MinGW_ELF-Windows/CALLBACK_EXCEPTION.o
 .rodata        0x00101eb6       0x65 build/Debug/MinGW_ELF-Windows/CALLBACK_IRQ.o
 .rodata        0x00101f1b       0x3e build/Debug/MinGW_ELF-Windows/Descripteurs.o

.rodata1
 *(.rodata1)

.eh_frame_hdr
 *(.eh_frame_hdr)

.eh_frame
 *(.eh_frame)

.gcc_except_table
 *(.gcc_except_table .gcc_except_table.*)
                0x00101f59                . = (ALIGN (0x1000) - ((0x1000 - .) & 0xfff))
                0x00102000                . = (0x1000 DATA_SEGMENT_ALIGN 0x1000)

.eh_frame
 *(.eh_frame)

.gcc_except_table
 *(.gcc_except_table .gcc_except_table.*)

.tdata
 *(.tdata .tdata.* .gnu.linkonce.td.*)

.tbss
 *(.tbss .tbss.* .gnu.linkonce.tb.*)
 *(.tcommon)

.preinit_array  0x00102000        0x0
                0x00102000                PROVIDE (__preinit_array_start, .)
 *(.preinit_array)
                0x00102000                PROVIDE (__preinit_array_end, .)

.init_array     0x00102000        0x0
                0x00102000                PROVIDE (__init_array_start, .)
 *(SORT(.init_array.*))
 *(.init_array)
                0x00102000                PROVIDE (__init_array_end, .)

.fini_array     0x00102000        0x0
                0x00102000                PROVIDE (__fini_array_start, .)
 *(SORT(.fini_array.*))
 *(.fini_array)
                0x00102000                PROVIDE (__fini_array_end, .)

.ctors
 *crtbegin.o(.ctors)
 *crtbegin?.o(.ctors)
 *(EXCLUDE_FILE(*crtend?.o *crtend.o) .ctors)
 *(SORT(.ctors.*))
 *(.ctors)

.dtors
 *crtbegin.o(.dtors)
 *crtbegin?.o(.dtors)
 *(EXCLUDE_FILE(*crtend?.o *crtend.o) .dtors)
 *(SORT(.dtors.*))
 *(.dtors)

.jcr
 *(.jcr)

.data.rel.ro
 *(.data.rel.ro.local* .gnu.linkonce.d.rel.ro.local.*)
 *(.data.rel.ro* .gnu.linkonce.d.rel.ro.*)

.dynamic
 *(.dynamic)

.got
 *(.got)
 *(.igot)
                0x00102000                . = (. DATA_SEGMENT_RELRO_END 0xc)

.got.plt        0x00102000        0x0
 *(.got.plt)
 *(.igot.plt)
 .igot.plt      0x00000000        0x0 build/Debug/MinGW_ELF-Windows/0-Noyau_Start.o

.data           0x00200000      0x118
 *(.data .data.* .gnu.linkonce.d.*)
 .data          0x00200000        0x4 build/Debug/MinGW_ELF-Windows/1-NOYAU_MAIN.o
                0x00200000                indigos_logo
 .data          0x00200004        0x0 build/Debug/MinGW_ELF-Windows/CALLBACK_EXCEPTION.o
 .data          0x00200004        0x0 build/Debug/MinGW_ELF-Windows/CALLBACK_IRQ.o
 .data          0x00200004        0x0 build/Debug/MinGW_ELF-Windows/DELAY.o
 .data          0x00200004        0x0 build/Debug/MinGW_ELF-Windows/Descripteurs.o
 .data          0x00200004        0x9 build/Debug/MinGW_ELF-Windows/Ecran.o
                0x00200004                Video
                0x00200008                Map_Video
                0x0020000c                Attribut_Actuel
 *fill*         0x0020000d       0x13 00
 .data          0x00200020       0xf8 build/Debug/MinGW_ELF-Windows/INIT_IDT.o
                0x00200020                Association_Exception
                0x002000a0                Association_IRQ
 .data          0x00200118        0x0 build/Debug/MinGW_ELF-Windows/Init_GDT.o
 .data          0x00200118        0x0 build/Debug/MinGW_ELF-Windows/Outils.o
 .data          0x00200118        0x0 build/Debug/MinGW_ELF-Windows/PIC_8259A.o

.data1
 *(.data1)
                0x00200118                _edata = .
                0x00200118                PROVIDE (edata, .)
                0x00200118                __bss_start = .

.bss            0x00200120       0xb0
 *(.dynbss)
 *(.bss .bss.* .gnu.linkonce.b.*)
 .bss           0x00200120       0x11 build/Debug/MinGW_ELF-Windows/1-NOYAU_MAIN.o
                0x00200120                Nombre_Thread
                0x00200124                Thread_Actif
 *fill*         0x00200131        0x3 00
 .bss           0x00200134        0x0 build/Debug/MinGW_ELF-Windows/CALLBACK_EXCEPTION.o
 .bss           0x00200134        0x4 build/Debug/MinGW_ELF-Windows/CALLBACK_IRQ.o
                0x00200134                Compteur_Horloge
 .bss           0x00200138        0x0 build/Debug/MinGW_ELF-Windows/DELAY.o
 .bss           0x00200138        0x0 build/Debug/MinGW_ELF-Windows/Descripteurs.o
 .bss           0x00200138        0x2 build/Debug/MinGW_ELF-Windows/Ecran.o
                0x00200138                ECRAN_Curseur_X
                0x00200139                ECRAN_Curseur_Y
 *fill*         0x0020013a        0x2 00
 .bss           0x0020013c        0x0 build/Debug/MinGW_ELF-Windows/INIT_IDT.o
 .bss           0x0020013c        0x0 build/Debug/MinGW_ELF-Windows/Init_GDT.o
 .bss           0x0020013c        0x0 build/Debug/MinGW_ELF-Windows/Outils.o
 .bss           0x0020013c        0x0 build/Debug/MinGW_ELF-Windows/PIC_8259A.o
 *(COMMON)
 *fill*         0x0020013c        0x4 00
 COMMON         0x00200140       0x78 build/Debug/MinGW_ELF-Windows/1-NOYAU_MAIN.o
                0x00200140                Les_Threads
 COMMON         0x002001b8        0x6 build/Debug/MinGW_ELF-Windows/INIT_IDT.o
                0x002001b8                Info_IDT
 COMMON         0x002001be        0x6 build/Debug/MinGW_ELF-Windows/Init_GDT.o
                0x002001be                Info_GDT
 COMMON         0x002001c4        0xc build/Debug/MinGW_ELF-Windows/Outils.o
                0x002001c4                Chaine_Temporaire_Char
                0x002001d0                . = ALIGN ((. != 0x0)?0x4:0x1)
                0x002001d0                . = ALIGN (0x4)
                0x002001d0                . = ALIGN (0x4)
                0x002001d0                _end = .
                0x002001d0                PROVIDE (end, .)
                0x002001d0                . = DATA_SEGMENT_END (.)

.stab           0x00000000     0x3e28
 *(.stab)
 .stab          0x00000000       0x90 build/Debug/MinGW_ELF-Windows/0-Noyau_Start.o
 .stab          0x00000090      0x7ec build/Debug/MinGW_ELF-Windows/1-NOYAU_MAIN.o
                                0x7f8 (size before relaxing)
 .stab          0x0000087c      0x870 build/Debug/MinGW_ELF-Windows/CALLBACK_EXCEPTION.o
                                0x894 (size before relaxing)
 .stab          0x000010ec      0x648 build/Debug/MinGW_ELF-Windows/CALLBACK_IRQ.o
                                0x6cc (size before relaxing)
 .stab          0x00001734      0x1f8 build/Debug/MinGW_ELF-Windows/DELAY.o
                                0x264 (size before relaxing)
 .stab          0x0000192c      0x4f8 build/Debug/MinGW_ELF-Windows/Descripteurs.o
                                0x57c (size before relaxing)
 .stab          0x00001e24      0x618 build/Debug/MinGW_ELF-Windows/EXCEPTION.o
                                0x624 (size before relaxing)
 .stab          0x0000243c      0x900 build/Debug/MinGW_ELF-Windows/Ecran.o
                                0x96c (size before relaxing)
 .stab          0x00002d3c       0xf0 build/Debug/MinGW_ELF-Windows/HARD_8042_Clavier.o
                                 0xfc (size before relaxing)
 .stab          0x00002e2c       0xd8 build/Debug/MinGW_ELF-Windows/HARD_8253_Timer.o
                                 0xe4 (size before relaxing)
 .stab          0x00002f04      0x360 build/Debug/MinGW_ELF-Windows/INIT_IDT.o
                                0x408 (size before relaxing)
 .stab          0x00003264      0x3d8 build/Debug/MinGW_ELF-Windows/IRQ.o
                                0x3e4 (size before relaxing)
 .stab          0x0000363c      0x258 build/Debug/MinGW_ELF-Windows/Init_GDT.o
                                0x300 (size before relaxing)
 .stab          0x00003894      0x3e4 build/Debug/MinGW_ELF-Windows/Outils.o
                                0x450 (size before relaxing)
 .stab          0x00003c78      0x1b0 build/Debug/MinGW_ELF-Windows/PIC_8259A.o
                                0x21c (size before relaxing)

.stabstr        0x00000000     0x1bda
 *(.stabstr)
 .stabstr       0x00000000     0x1bda build/Debug/MinGW_ELF-Windows/0-Noyau_Start.o

.stab.excl
 *(.stab.excl)

.stab.exclstr
 *(.stab.exclstr)

.stab.index
 *(.stab.index)

.stab.indexstr
 *(.stab.indexstr)

.comment        0x00000000       0x21
 *(.comment)
 .comment       0x00000000       0x21 build/Debug/MinGW_ELF-Windows/1-NOYAU_MAIN.o
                                 0x22 (size before relaxing)
 .comment       0x00000000       0x22 build/Debug/MinGW_ELF-Windows/CALLBACK_EXCEPTION.o
 .comment       0x00000000       0x22 build/Debug/MinGW_ELF-Windows/CALLBACK_IRQ.o
 .comment       0x00000000       0x22 build/Debug/MinGW_ELF-Windows/DELAY.o
 .comment       0x00000000       0x22 build/Debug/MinGW_ELF-Windows/Descripteurs.o
 .comment       0x00000000       0x22 build/Debug/MinGW_ELF-Windows/Ecran.o
 .comment       0x00000000       0x22 build/Debug/MinGW_ELF-Windows/INIT_IDT.o
 .comment       0x00000000       0x22 build/Debug/MinGW_ELF-Windows/Init_GDT.o
 .comment       0x00000000       0x22 build/Debug/MinGW_ELF-Windows/Outils.o
 .comment       0x00000000       0x22 build/Debug/MinGW_ELF-Windows/PIC_8259A.o

.debug
 *(.debug)

.line
 *(.line)

.debug_srcinfo
 *(.debug_srcinfo)

.debug_sfnames
 *(.debug_sfnames)

.debug_aranges
 *(.debug_aranges)

.debug_pubnames
 *(.debug_pubnames)

.debug_info
 *(.debug_info .gnu.linkonce.wi.*)

.debug_abbrev
 *(.debug_abbrev)

.debug_line
 *(.debug_line)

.debug_frame
 *(.debug_frame)

.debug_str
 *(.debug_str)

.debug_loc
 *(.debug_loc)

.debug_macinfo
 *(.debug_macinfo)

.debug_weaknames
 *(.debug_weaknames)

.debug_funcnames
 *(.debug_funcnames)

.debug_typenames
 *(.debug_typenames)

.debug_varnames
 *(.debug_varnames)

.debug_pubtypes
 *(.debug_pubtypes)

.debug_ranges
 *(.debug_ranges)

.gnu.attributes
 *(.gnu.attributes)

/DISCARD/
 *(.note.GNU-stack)
 *(.gnu_debuglink)
 *(.gnu.lto_*)
OUTPUT(dist/Debug/MinGW_ELF-Windows/noyau.jlv i586-pc-elf)
