
Allocating common symbols
Common symbol       size              file

Info_GDT            0x6               build/Debug/MinGW_ELF-Windows/Init_GDT.o
Info_IDT            0x6               build/Debug/MinGW_ELF-Windows/INIT_IDT.o
Chaine_Temporaire_Char
                    0xc               build/Debug/MinGW_ELF-Windows/Outils.o
Les_Threads         0x78              build/Debug/MinGW_ELF-Windows/1-NOYAU_MAIN.o

Memory Configuration

Name             Origin             Length             Attributes
*default*        0x00000000         0xffffffff

Linker script and memory map

LOAD build/Debug/MinGW_ELF-Windows/0-Noyau_Start.o
LOAD build/Debug/MinGW_ELF-Windows/1-NOYAU_MAIN.o
LOAD build/Debug/MinGW_ELF-Windows/CALLBACK_EXCEPTION.o
LOAD build/Debug/MinGW_ELF-Windows/CALLBACK_IRQ.o
LOAD build/Debug/MinGW_ELF-Windows/DELAY.o
LOAD build/Debug/MinGW_ELF-Windows/Descripteurs.o
LOAD build/Debug/MinGW_ELF-Windows/EXCEPTION.o
LOAD build/Debug/MinGW_ELF-Windows/Ecran.o
LOAD build/Debug/MinGW_ELF-Windows/HARD_8042_Clavier.o
LOAD build/Debug/MinGW_ELF-Windows/HARD_8253_Timer.o
LOAD build/Debug/MinGW_ELF-Windows/INIT_IDT.o
LOAD build/Debug/MinGW_ELF-Windows/IRQ.o
LOAD build/Debug/MinGW_ELF-Windows/Init_GDT.o
LOAD build/Debug/MinGW_ELF-Windows/Outils.o
LOAD build/Debug/MinGW_ELF-Windows/PIC_8259A.o
Address of section .text set to 0x100000
Address of section .data set to 0x200000
                0x08048000                PROVIDE (__executable_start, 0x8048000)
                0x08048074                . = (0x8048000 + SIZEOF_HEADERS)

.interp
 *(.interp)

.note.gnu.build-id
 *(.note.gnu.build-id)

.hash
 *(.hash)

.gnu.hash
 *(.gnu.hash)

.dynsym
 *(.dynsym)

.dynstr
 *(.dynstr)

.gnu.version
 *(.gnu.version)

.gnu.version_d
 *(.gnu.version_d)

.gnu.version_r
 *(.gnu.version_r)

.rel.dyn        0x08048074        0x0
 *(.rel.init)
 *(.rel.text .rel.text.* .rel.gnu.linkonce.t.*)
 .rel.text      0x00000000        0x0 build/Debug/MinGW_ELF-Windows/0-Noyau_Start.o
 *(.rel.fini)
 *(.rel.rodata .rel.rodata.* .rel.gnu.linkonce.r.*)
 *(.rel.data.rel.ro* .rel.gnu.linkonce.d.rel.ro.*)
 *(.rel.data .rel.data.* .rel.gnu.linkonce.d.*)
 .rel.data      0x00000000        0x0 build/Debug/MinGW_ELF-Windows/0-Noyau_Start.o
 *(.rel.tdata .rel.tdata.* .rel.gnu.linkonce.td.*)
 *(.rel.tbss .rel.tbss.* .rel.gnu.linkonce.tb.*)
 *(.rel.ctors)
 *(.rel.dtors)
 *(.rel.got)
 *(.rel.bss .rel.bss.* .rel.gnu.linkonce.b.*)
 *(.rel.ifunc)

.rel.plt        0x08048074        0x0
 *(.rel.plt)
                0x08048074                PROVIDE (__rel_iplt_start, .)
 *(.rel.iplt)
 .rel.iplt      0x00000000        0x0 build/Debug/MinGW_ELF-Windows/0-Noyau_Start.o
                0x08048074                PROVIDE (__rel_iplt_end, .)

.init
 *(.init)

.plt            0x08048074        0x0
 *(.plt)
 *(.iplt)
 .iplt          0x00000000        0x0 build/Debug/MinGW_ELF-Windows/0-Noyau_Start.o

.text           0x00100000     0x174b
 *(.text.unlikely .text.*_unlikely)
 *(.text .stub .text.* .gnu.linkonce.t.*)
 .text          0x00100000       0x18 build/Debug/MinGW_ELF-Windows/0-Noyau_Start.o
                0x00100000                _start
 .text          0x00100018      0x457 build/Debug/MinGW_ELF-Windows/1-NOYAU_MAIN.o
                0x00100018                Affiche_Informations_Boot
                0x00100095                Affiche_Message
                0x00100113                OS_Start
                0x00100121                Ajoute_Thread
                0x001001a0                Get_Thread
                0x0010020e                Get_Next_Thread
                0x001002a6                Tache_1
                0x001002d9                Tache_2
                0x0010030c                Tache_3
                0x0010033f                Tache_4
                0x00100372                Ordonnancer
                0x00100396                OS_Main
 *fill*         0x0010046f        0x1 90909090
 .text          0x00100470      0x30e build/Debug/MinGW_ELF-Windows/CALLBACK_EXCEPTION.o
                0x00100470                Affiche_Message_Exception
                0x00100554                CallBack_Erreur_Division
                0x00100582                CallBack_Mise_Au_Point
                0x001005a4                CallBack_INT3
                0x001005c5                CallBack_Debordement
                0x001005e7                CallBack_Limite
                0x00100609                CallBack_CodeOP_Invalide
                0x0010062b                CallBack_DNA
                0x0010064d                CallBack_Double_Faute
                0x0010066f                CallBack_Depassement
                0x00100691                CallBack_TSS_Invalide
                0x001006b3                CallBack_Segment_Non_Present
                0x001006d5                CallBack_Segment_Pile
                0x001006f7                CallBack_Violation_Protection
                0x00100719                CallBack_Defaut_De_Page
                0x0010073b                CallBack_CoProcesseur
                0x0010075d                CallBack_Exception_Par_Defaut
 *fill*         0x0010077e        0x2 90909090
 .text          0x00100780      0x207 build/Debug/MinGW_ELF-Windows/CALLBACK_IRQ.o
                0x00100780                CallBack_IRQ0
                0x0010079e                CallBack_IRQ1
                0x001007e3                CallBack_IRQ3
                0x00100801                CallBack_IRQ4
                0x0010081f                CallBack_IRQ5
                0x0010083d                CallBack_IRQ6
                0x0010085b                CallBack_IRQ7
                0x00100879                CallBack_IRQ8
                0x00100897                CallBack_IRQ9
                0x001008b5                CallBack_IRQ10
                0x001008d3                CallBack_IRQ11
                0x001008f1                CallBack_IRQ12
                0x0010090f                CallBack_IRQ13
                0x0010092d                CallBack_IRQ14
                0x0010094b                CallBack_IRQ15
                0x00100969                CallBack_Defaut
 *fill*         0x00100987        0x1 90909090
 .text          0x00100988       0x2b build/Debug/MinGW_ELF-Windows/DELAY.o
                0x00100988                Attendre_ms
                0x001009a9                Donne_Nombres_Tics
 *fill*         0x001009b3        0x1 90909090
 .text          0x001009b4      0x385 build/Debug/MinGW_ELF-Windows/Descripteurs.o
                0x001009b4                Configure_Descripteur_Segment
                0x00100ca0                Configure_Descripteur_Guichet
 *fill*         0x00100d39        0x7 90909090
 .text          0x00100d40      0x1b0 build/Debug/MinGW_ELF-Windows/EXCEPTION.o
                0x00100d40                Exception_Erreur_Division
                0x00100d5b                Exception_Mise_Au_Point
                0x00100d76                Exception_INT3
                0x00100d91                Exception_Debordement
                0x00100dac                Exception_Limite
                0x00100dc7                Exception_CodeOP_Invalide
                0x00100de2                Exception_DNA
                0x00100dfd                Exception_Double_Faute
                0x00100e18                Exception_Depassement
                0x00100e33                Exception_TSS_Invalide
                0x00100e4e                Exception_Segment_Non_Present
                0x00100e69                Exception_Segment_Pile
                0x00100e84                Exception_Violation_Protection
                0x00100e9f                Exception_Defaut_De_Page
                0x00100eba                Exception_CoProcesseur
                0x00100ed5                Exception_Par_Defaut
 .text          0x00100ef0      0x2e8 build/Debug/MinGW_ELF-Windows/Ecran.o
                0x00100ef0                Efface_Ecran
                0x00100f15                Remplir_Ecran
                0x00100f29                Defilement_Haut
                0x00100fce                Positionne_Curseur
                0x00100ff2                Affiche_Curseur
                0x00101050                Repositionne_Curseur
                0x0010107f                Affiche_Caractere
                0x00101168                Affiche_Chaine
                0x001011a4                Regle_Couleur
                0x001011ba                Donne_Curseur_X
                0x001011c9                Donne_Curseur_Y
 *fill*         0x001011d8        0x8 90909090
 .text          0x001011e0       0x24 build/Debug/MinGW_ELF-Windows/HARD_8042_Clavier.o
                0x001011e0                Lecture_Scan_Code
                0x001011e3                Attendre_Scan_Code
                0x001011ee                Attendre_Touche_Relache
 *fill*         0x00101204        0xc 90909090
 .text          0x00101210       0x1d build/Debug/MinGW_ELF-Windows/HARD_8253_Timer.o
                0x00101210                Initialisation_8253
 *fill*         0x0010122d        0x3 90909090
 .text          0x00101230      0x137 build/Debug/MinGW_ELF-Windows/INIT_IDT.o
                0x00101230                Configuration_Descripteurs_Exceptions
                0x00101293                Configuration_Descripteurs_IRQ
                0x001012f6                Initialisation_IDT
 *fill*         0x00101367        0x9 90909090
 .text          0x00101370      0x180 build/Debug/MinGW_ELF-Windows/IRQ.o
                0x00101370                Interruption_IRQ0
                0x00101388                Interruption_IRQ1
                0x001013a0                Interruption_IRQ3
                0x001013b8                Interruption_IRQ4
                0x001013d0                Interruption_IRQ5
                0x001013e8                Interruption_IRQ6
                0x00101400                Interruption_IRQ7
                0x00101418                Interruption_IRQ8
                0x00101430                Interruption_IRQ9
                0x00101448                Interruption_IRQ10
                0x00101460                Interruption_IRQ11
                0x00101478                Interruption_IRQ12
                0x00101490                Interruption_IRQ13
                0x001014a8                Interruption_IRQ14
                0x001014c0                Interruption_IRQ15
 .text          0x001014f0       0xe3 build/Debug/MinGW_ELF-Windows/Init_GDT.o
                0x001014f0                Intialisation_Descripteurs_Noyau
                0x00101599                Initialisation_GDT
 *fill*         0x001015d3        0x1 90909090
 .text          0x001015d4      0x132 build/Debug/MinGW_ELF-Windows/Outils.o
                0x001015d4                Taille_Chaine
                0x001015fe                Entier_Vers_Chaine
                0x00101663                Entier_Vers_Chaine_Hexa
 *fill*         0x00101706        0x2 90909090
 .text          0x00101708       0x43 build/Debug/MinGW_ELF-Windows/PIC_8259A.o
                0x00101708                Initialisation_8259A
 *(.gnu.warning)

.fini
 *(.fini)
                0x0010174b                PROVIDE (__etext, .)
                0x0010174b                PROVIDE (_etext, .)
                0x0010174b                PROVIDE (etext, .)

.rodata         0x0010174c      0x2ad
 *(.rodata .rodata.* .gnu.linkonce.r.*)
 .rodata        0x0010174c       0xf0 build/Debug/MinGW_ELF-Windows/1-NOYAU_MAIN.o
 .rodata        0x0010183c      0x11a build/Debug/MinGW_ELF-Windows/CALLBACK_EXCEPTION.o
 .rodata        0x00101956       0x65 build/Debug/MinGW_ELF-Windows/CALLBACK_IRQ.o
 .rodata        0x001019bb       0x3e build/Debug/MinGW_ELF-Windows/Descripteurs.o

.rodata1
 *(.rodata1)

.eh_frame_hdr
 *(.eh_frame_hdr)

.eh_frame
 *(.eh_frame)

.gcc_except_table
 *(.gcc_except_table .gcc_except_table.*)
                0x001019f9                . = (ALIGN (0x1000) - ((0x1000 - .) & 0xfff))
                0x00102000                . = (0x1000 DATA_SEGMENT_ALIGN 0x1000)

.eh_frame
 *(.eh_frame)

.gcc_except_table
 *(.gcc_except_table .gcc_except_table.*)

.tdata
 *(.tdata .tdata.* .gnu.linkonce.td.*)

.tbss
 *(.tbss .tbss.* .gnu.linkonce.tb.*)
 *(.tcommon)

.preinit_array  0x00102000        0x0
                0x00102000                PROVIDE (__preinit_array_start, .)
 *(.preinit_array)
                0x00102000                PROVIDE (__preinit_array_end, .)

.init_array     0x00102000        0x0
                0x00102000                PROVIDE (__init_array_start, .)
 *(SORT(.init_array.*))
 *(.init_array)
                0x00102000                PROVIDE (__init_array_end, .)

.fini_array     0x00102000        0x0
                0x00102000                PROVIDE (__fini_array_start, .)
 *(SORT(.fini_array.*))
 *(.fini_array)
                0x00102000                PROVIDE (__fini_array_end, .)

.ctors
 *crtbegin.o(.ctors)
 *crtbegin?.o(.ctors)
 *(EXCLUDE_FILE(*crtend?.o *crtend.o) .ctors)
 *(SORT(.ctors.*))
 *(.ctors)

.dtors
 *crtbegin.o(.dtors)
 *crtbegin?.o(.dtors)
 *(EXCLUDE_FILE(*crtend?.o *crtend.o) .dtors)
 *(SORT(.dtors.*))
 *(.dtors)

.jcr
 *(.jcr)

.data.rel.ro
 *(.data.rel.ro.local* .gnu.linkonce.d.rel.ro.local.*)
 *(.data.rel.ro* .gnu.linkonce.d.rel.ro.*)

.dynamic
 *(.dynamic)

.got
 *(.got)
 *(.igot)
                0x00102000                . = (. DATA_SEGMENT_RELRO_END 0xc)

.got.plt        0x00102000        0x0
 *(.got.plt)
 *(.igot.plt)
 .igot.plt      0x00000000        0x0 build/Debug/MinGW_ELF-Windows/0-Noyau_Start.o

.data           0x00200000      0x118
 *(.data .data.* .gnu.linkonce.d.*)
 .data          0x00200000        0x0 build/Debug/MinGW_ELF-Windows/1-NOYAU_MAIN.o
 .data          0x00200000        0x0 build/Debug/MinGW_ELF-Windows/CALLBACK_EXCEPTION.o
 .data          0x00200000        0x0 build/Debug/MinGW_ELF-Windows/CALLBACK_IRQ.o
 .data          0x00200000        0x0 build/Debug/MinGW_ELF-Windows/DELAY.o
 .data          0x00200000        0x0 build/Debug/MinGW_ELF-Windows/Descripteurs.o
 .data          0x00200000        0x9 build/Debug/MinGW_ELF-Windows/Ecran.o
                0x00200000                Video
                0x00200004                Map_Video
                0x00200008                Attribut_Actuel
 *fill*         0x00200009       0x17 00
 .data          0x00200020       0xf8 build/Debug/MinGW_ELF-Windows/INIT_IDT.o
                0x00200020                Association_Exception
                0x002000a0                Association_IRQ
 .data          0x00200118        0x0 build/Debug/MinGW_ELF-Windows/Init_GDT.o
 .data          0x00200118        0x0 build/Debug/MinGW_ELF-Windows/Outils.o
 .data          0x00200118        0x0 build/Debug/MinGW_ELF-Windows/PIC_8259A.o

.data1
 *(.data1)
                0x00200118                _edata = .
                0x00200118                PROVIDE (edata, .)
                0x00200118                __bss_start = .

.bss            0x00200120       0xb0
 *(.dynbss)
 *(.bss .bss.* .gnu.linkonce.b.*)
 .bss           0x00200120       0x11 build/Debug/MinGW_ELF-Windows/1-NOYAU_MAIN.o
                0x00200120                Nombre_Thread
                0x00200124                Thread_Actif
 *fill*         0x00200131        0x3 00
 .bss           0x00200134        0x0 build/Debug/MinGW_ELF-Windows/CALLBACK_EXCEPTION.o
 .bss           0x00200134        0x4 build/Debug/MinGW_ELF-Windows/CALLBACK_IRQ.o
                0x00200134                Compteur_Horloge
 .bss           0x00200138        0x0 build/Debug/MinGW_ELF-Windows/DELAY.o
 .bss           0x00200138        0x0 build/Debug/MinGW_ELF-Windows/Descripteurs.o
 .bss           0x00200138        0x2 build/Debug/MinGW_ELF-Windows/Ecran.o
                0x00200138                ECRAN_Curseur_X
                0x00200139                ECRAN_Curseur_Y
 *fill*         0x0020013a        0x2 00
 .bss           0x0020013c        0x0 build/Debug/MinGW_ELF-Windows/INIT_IDT.o
 .bss           0x0020013c        0x0 build/Debug/MinGW_ELF-Windows/Init_GDT.o
 .bss           0x0020013c        0x0 build/Debug/MinGW_ELF-Windows/Outils.o
 .bss           0x0020013c        0x0 build/Debug/MinGW_ELF-Windows/PIC_8259A.o
 *(COMMON)
 *fill*         0x0020013c        0x4 00
 COMMON         0x00200140       0x78 build/Debug/MinGW_ELF-Windows/1-NOYAU_MAIN.o
                0x00200140                Les_Threads
 COMMON         0x002001b8        0x6 build/Debug/MinGW_ELF-Windows/INIT_IDT.o
                0x002001b8                Info_IDT
 COMMON         0x002001be        0x6 build/Debug/MinGW_ELF-Windows/Init_GDT.o
                0x002001be                Info_GDT
 COMMON         0x002001c4        0xc build/Debug/MinGW_ELF-Windows/Outils.o
                0x002001c4                Chaine_Temporaire_Char
                0x002001d0                . = ALIGN ((. != 0x0)?0x4:0x1)
                0x002001d0                . = ALIGN (0x4)
                0x002001d0                . = ALIGN (0x4)
                0x002001d0                _end = .
                0x002001d0                PROVIDE (end, .)
                0x002001d0                . = DATA_SEGMENT_END (.)

.stab           0x00000000     0x3bf4
 *(.stab)
 .stab          0x00000000       0x90 build/Debug/MinGW_ELF-Windows/0-Noyau_Start.o
 .stab          0x00000090      0x75c build/Debug/MinGW_ELF-Windows/1-NOYAU_MAIN.o
                                0x768 (size before relaxing)
 .stab          0x000007ec      0x870 build/Debug/MinGW_ELF-Windows/CALLBACK_EXCEPTION.o
                                0x894 (size before relaxing)
 .stab          0x0000105c      0x648 build/Debug/MinGW_ELF-Windows/CALLBACK_IRQ.o
                                0x6cc (size before relaxing)
 .stab          0x000016a4      0x1ec build/Debug/MinGW_ELF-Windows/DELAY.o
                                0x258 (size before relaxing)
 .stab          0x00001890      0x4f8 build/Debug/MinGW_ELF-Windows/Descripteurs.o
                                0x57c (size before relaxing)
 .stab          0x00001d88      0x618 build/Debug/MinGW_ELF-Windows/EXCEPTION.o
                                0x624 (size before relaxing)
 .stab          0x000023a0      0x768 build/Debug/MinGW_ELF-Windows/Ecran.o
                                0x7d4 (size before relaxing)
 .stab          0x00002b08       0xf0 build/Debug/MinGW_ELF-Windows/HARD_8042_Clavier.o
                                 0xfc (size before relaxing)
 .stab          0x00002bf8       0xd8 build/Debug/MinGW_ELF-Windows/HARD_8253_Timer.o
                                 0xe4 (size before relaxing)
 .stab          0x00002cd0      0x360 build/Debug/MinGW_ELF-Windows/INIT_IDT.o
                                0x408 (size before relaxing)
 .stab          0x00003030      0x3d8 build/Debug/MinGW_ELF-Windows/IRQ.o
                                0x3e4 (size before relaxing)
 .stab          0x00003408      0x258 build/Debug/MinGW_ELF-Windows/Init_GDT.o
                                0x300 (size before relaxing)
 .stab          0x00003660      0x3e4 build/Debug/MinGW_ELF-Windows/Outils.o
                                0x450 (size before relaxing)
 .stab          0x00003a44      0x1b0 build/Debug/MinGW_ELF-Windows/PIC_8259A.o
                                0x21c (size before relaxing)

.stabstr        0x00000000     0x1ba4
 *(.stabstr)
 .stabstr       0x00000000     0x1ba4 build/Debug/MinGW_ELF-Windows/0-Noyau_Start.o

.stab.excl
 *(.stab.excl)

.stab.exclstr
 *(.stab.exclstr)

.stab.index
 *(.stab.index)

.stab.indexstr
 *(.stab.indexstr)

.comment        0x00000000       0x21
 *(.comment)
 .comment       0x00000000       0x21 build/Debug/MinGW_ELF-Windows/1-NOYAU_MAIN.o
                                 0x22 (size before relaxing)
 .comment       0x00000000       0x22 build/Debug/MinGW_ELF-Windows/CALLBACK_EXCEPTION.o
 .comment       0x00000000       0x22 build/Debug/MinGW_ELF-Windows/CALLBACK_IRQ.o
 .comment       0x00000000       0x22 build/Debug/MinGW_ELF-Windows/DELAY.o
 .comment       0x00000000       0x22 build/Debug/MinGW_ELF-Windows/Descripteurs.o
 .comment       0x00000000       0x22 build/Debug/MinGW_ELF-Windows/Ecran.o
 .comment       0x00000000       0x22 build/Debug/MinGW_ELF-Windows/INIT_IDT.o
 .comment       0x00000000       0x22 build/Debug/MinGW_ELF-Windows/Init_GDT.o
 .comment       0x00000000       0x22 build/Debug/MinGW_ELF-Windows/Outils.o
 .comment       0x00000000       0x22 build/Debug/MinGW_ELF-Windows/PIC_8259A.o

.debug
 *(.debug)

.line
 *(.line)

.debug_srcinfo
 *(.debug_srcinfo)

.debug_sfnames
 *(.debug_sfnames)

.debug_aranges
 *(.debug_aranges)

.debug_pubnames
 *(.debug_pubnames)

.debug_info
 *(.debug_info .gnu.linkonce.wi.*)

.debug_abbrev
 *(.debug_abbrev)

.debug_line
 *(.debug_line)

.debug_frame
 *(.debug_frame)

.debug_str
 *(.debug_str)

.debug_loc
 *(.debug_loc)

.debug_macinfo
 *(.debug_macinfo)

.debug_weaknames
 *(.debug_weaknames)

.debug_funcnames
 *(.debug_funcnames)

.debug_typenames
 *(.debug_typenames)

.debug_varnames
 *(.debug_varnames)

.debug_pubtypes
 *(.debug_pubtypes)

.debug_ranges
 *(.debug_ranges)

.gnu.attributes
 *(.gnu.attributes)

/DISCARD/
 *(.note.GNU-stack)
 *(.gnu_debuglink)
 *(.gnu.lto_*)
OUTPUT(dist/Debug/MinGW_ELF-Windows/noyau.jlv i586-pc-elf)
